Probing:   0%|          | 0/14 [00:00<?, ?it/s]Probing:   7%|▋         | 1/14 [00:45<09:46, 45.14s/it]Probing:  14%|█▍        | 2/14 [01:34<09:33, 47.77s/it]Probing:  21%|██▏       | 3/14 [02:19<08:29, 46.28s/it]Probing:  29%|██▊       | 4/14 [03:24<08:58, 53.83s/it]Probing:  36%|███▌      | 5/14 [04:06<07:26, 49.60s/it]Probing:  43%|████▎     | 6/14 [04:42<05:58, 44.82s/it]Probing:  50%|█████     | 7/14 [05:45<05:55, 50.81s/it]Probing:  64%|██████▍   | 9/14 [06:38<03:14, 38.98s/it]Probing:  71%|███████▏  | 10/14 [07:57<03:17, 49.40s/it]Probing:  79%|███████▊  | 11/14 [08:39<02:21, 47.30s/it]Probing:  86%|████████▌ | 12/14 [09:35<01:39, 49.77s/it]Probing:  93%|█████████▎| 13/14 [10:36<00:53, 53.08s/it]Probing: 100%|██████████| 14/14 [11:10<00:00, 47.46s/it]Probing: 100%|██████████| 14/14 [11:10<00:00, 47.89s/it]

experiment                          conv_block_0    conv_block_1    conv_block_2    conv_block_3    conv_block_4    conv_block_5    conv_block_6    conv_block_7            pool       embedding
------------------------------------------------------------------------------------------------------------------------------------------------------------------------------------------------
dumb_control                        50.0%(+0.0%)    50.0%(+0.0%)    50.0%(+0.0%)    50.0%(+0.0%)               —               —               —               —    50.0%(+0.0%)    50.0%(+0.0%)
variation_control                   50.9%(+0.9%)    49.1%(-0.9%)    50.1%(+0.1%)    48.2%(-1.8%)               —               —               —               —    48.2%(-1.8%)    50.4%(+0.4%)
blur                               98.8%(+48.8%)   98.9%(+48.9%)   98.2%(+48.3%)   94.0%(+44.0%)               —               —               —               —   94.0%(+44.0%)   79.2%(+29.2%)
bold                               99.4%(+49.4%)   99.2%(+49.3%)   99.4%(+49.4%)   97.4%(+47.4%)               —               —               —               —   97.4%(+47.4%)   81.7%(+31.7%)
dots                               98.6%(+48.6%)   99.8%(+49.8%)   99.9%(+49.9%)   99.6%(+49.6%)               —               —               —               —   99.6%(+49.6%)   87.2%(+37.2%)
easy_line                          97.3%(+47.3%)   99.3%(+49.3%)   99.9%(+49.9%)   99.9%(+49.9%)               —               —               —               —   99.9%(+49.9%)   94.2%(+44.1%)
hard_line                          97.0%(+47.0%)   99.0%(+49.0%)   99.8%(+49.8%)   99.7%(+49.7%)               —               —               —               —   99.7%(+49.7%)   91.4%(+41.4%)
italic                             92.5%(+42.5%)   94.8%(+44.9%)   97.6%(+47.6%)   98.9%(+48.9%)               —               —               —               —   98.9%(+48.9%)   91.3%(+41.3%)
line_vs_none                                   —               —               —               —               —               —               —               —               —               —
rotation                           82.2%(+32.2%)   84.0%(+34.1%)   85.8%(+35.8%)   87.2%(+37.3%)               —               —               —               —   87.2%(+37.3%)   83.2%(+33.1%)
salt_pepper                        99.2%(+49.2%)   99.8%(+49.8%)   98.8%(+48.8%)   91.0%(+40.9%)               —               —               —               —   91.0%(+40.9%)    58.8%(+8.8%)
two_lines                          96.7%(+46.7%)   99.0%(+49.0%)   99.9%(+49.9%)  100.0%(+50.0%)               —               —               —               —  100.0%(+50.0%)   96.5%(+46.5%)
wave                               67.0%(+16.9%)   73.0%(+23.0%)   75.1%(+25.1%)   81.2%(+31.2%)               —               —               —               —   81.2%(+31.2%)   65.5%(+15.4%)
wavy_line                          96.3%(+46.3%)   98.3%(+48.3%)   99.9%(+49.9%)   99.7%(+49.7%)               —               —               —               —   99.7%(+49.7%)   95.2%(+45.2%)
------------------------------------------------------------------------------------------------------------------------------------------------------------------------------------------------
(test accuracy; +/- from 50% chance)

Results saved to probe_results/mlp/results.json
